export const snapshot = {};

snapshot[`Plugin - ExportAllDeclaration 1`] = `
{
  exportKind: "value",
  exported: {
    name: "foo",
    optional: false,
    range: [
      13,
      16,
    ],
    type: "Identifier",
    typeAnnotation: null,
  },
  range: [
    1,
    28,
  ],
  type: "ExportAllDeclaration",
}
`;
