=== Optimizer Dump ===
returns_result: false
has_ref_opstate: true
has_rc_opstate: false
has_fast_callback_option: false
needs_fast_callback_option: true
fast_result: Some(Void)
fast_parameters: [V8Value, Uint8Array, Uint32Array]
transforms: {1: Transform { kind: PtrU8, index: 1 }, 2: Transform { kind: SliceU32(true), index: 2 }}
is_async: false
fast_compatible: true
