=== Optimizer Dump ===
returns_result: false
has_ref_opstate: false
has_rc_opstate: false
has_fast_callback_option: false
needs_fast_callback_option: false
fast_result: Some(Bool)
fast_parameters: [V8Value, Uint8Array, Uint8Array]
transforms: {0: Transform { kind: SliceU8(false), index: 0 }, 1: Transform { kind: SliceU8(true), index: 1 }}
is_async: false
fast_compatible: true
